Archive member included to satisfy reference by file (symbol)

/usr/lib/gcc/arm-none-eabi/4.8/libgcc.a(_thumb1_case_uqi.o)
                              obj/bootrom.o (__gnu_thumb1_case_uqi)
/usr/lib/gcc/arm-none-eabi/4.8/libgcc.a(_aeabi_ulcmp.o)
                              obj/bootrom.o (__aeabi_ulcmp)

Allocating common symbols
Common symbol       size              file

start_addr          0x4               obj/bootrom.o
end_addr            0x4               obj/bootrom.o
bootrom_unlocked    0x4               obj/bootrom.o

Discarded input sections

 .text          0x0000000000000000        0x0 obj/version.o
 .data          0x0000000000000000        0x0 obj/version.o
 .bss           0x0000000000000000        0x0 obj/version.o
 .text          0x0000000000000000        0x0 obj/ram-reset.o
 .data          0x0000000000000000        0x0 obj/ram-reset.o
 .bss           0x0000000000000000        0x0 obj/ram-reset.o
 .text          0x0000000000000000        0x0 obj/flash-reset.o
 .data          0x0000000000000000        0x0 obj/flash-reset.o
 .bss           0x0000000000000000        0x0 obj/flash-reset.o
 .data          0x0000000000000000        0x0 obj/cmd.o
 .bss           0x0000000000000000        0x0 obj/cmd.o
 .data          0x0000000000000000        0x0 obj/bootrom.o
 .bss           0x0000000000000000        0x0 obj/bootrom.o
 .data          0x0000000000000000        0x0 /usr/lib/gcc/arm-none-eabi/4.8/libgcc.a(_thumb1_case_uqi.o)
 .bss           0x0000000000000000        0x0 /usr/lib/gcc/arm-none-eabi/4.8/libgcc.a(_thumb1_case_uqi.o)
 .data          0x0000000000000000        0x0 /usr/lib/gcc/arm-none-eabi/4.8/libgcc.a(_aeabi_ulcmp.o)
 .bss           0x0000000000000000        0x0 /usr/lib/gcc/arm-none-eabi/4.8/libgcc.a(_aeabi_ulcmp.o)

Memory Configuration

Name             Origin             Length             Attributes
bootphase1       0x0000000000100000 0x0000000000000200
bootphase2       0x0000000000100200 0x0000000000001e00
osimage          0x0000000000102000 0x000000000003e000
ram              0x0000000000200000 0x000000000000ffe0
commonarea       0x000000000020ffe0 0x0000000000000020
*default*        0x0000000000000000 0xffffffffffffffff

Linker script and memory map

                0x00000000001001fc                _bootphase1_version_pointer = ((ORIGIN (bootphase1) + 0x200) - 0x4)
                0x0000000000102000                _osimage_entry = ORIGIN (osimage)
                0x0000000000100000                _bootrom_start = ORIGIN (bootphase1)
                0x0000000000102000                _bootrom_end = (ORIGIN (bootphase2) + 0x1e00)
                0x0000000000100000                _flash_start = ORIGIN (bootphase1)
                0x0000000000140000                _flash_end = (ORIGIN (osimage) + 0x3e000)
                0x000000000020ffd8                _stack_end = ((ORIGIN (ram) + 0xffe0) - 0x8)

.bootphase1     0x0000000000100000      0x200
 *(.startup)
 .startup       0x0000000000100000       0x70 obj/flash-reset.o
                0x0000000000100000                flashstart
                0x0000000000100070                . = ALIGN (0x4)
                0x0000000000100070                _version_information_start = .
 *(.version_information)
 .version_information
                0x0000000000100070       0x57 obj/version.o
                0x0000000000100070                version_information
                0x00000000000001fc                . = 0x1fc
 *fill*         0x00000000001000c7      0x135 
                0x00000000001001fc        0x4 LONG 0x100070 _version_information_start

.vfp11_veneer   0x0000000000100200        0x0
 .vfp11_veneer  0x0000000000100200        0x0 linker stubs

.v4_bx          0x0000000000100200        0x0
 .v4_bx         0x0000000000100200        0x0 linker stubs

.iplt           0x0000000000100200        0x0
 .iplt          0x0000000000100200        0x0 obj/ram-reset.o

.igot.plt       0x0000000000100200        0x0
 .igot.plt      0x0000000000100200        0x0 obj/ram-reset.o

.rel.dyn        0x0000000000100200        0x0
 .rel.iplt      0x0000000000100200        0x0 obj/ram-reset.o

.bootphase2     0x0000000000200000      0xc40 load address 0x0000000000100200
 *(.startphase2)
 .startphase2   0x0000000000200000        0xc obj/ram-reset.o
                0x0000000000200000                ram_start
 *(.text)
 .text          0x000000000020000c       0x9c obj/cmd.o
                0x000000000020000c                cmd_receive
                0x0000000000200034                cmd_send
 .text          0x00000000002000a8      0x684 obj/usb_cdc.o
                0x0000000000200168                usb_disable
                0x000000000020018c                usb_enable
                0x00000000002001e0                AT91F_USB_SendZlp
                0x0000000000200228                AT91F_USB_SendStall
                0x0000000000200248                AT91F_CDC_Enumerate
                0x00000000002004f4                usb_check
                0x0000000000200548                usb_poll
                0x000000000020056c                usb_poll_validate_length
                0x0000000000200598                usb_read
                0x0000000000200628                usb_write
 .text          0x000000000020072c      0x3a0 obj/bootrom.o
                0x000000000020072c                DbpString
                0x0000000000200752                UsbPacketReceived
                0x0000000000200990                BootROM
 .text          0x0000000000200acc       0x14 /usr/lib/gcc/arm-none-eabi/4.8/libgcc.a(_thumb1_case_uqi.o)
                0x0000000000200acc                __gnu_thumb1_case_uqi
 .text          0x0000000000200ae0       0x24 /usr/lib/gcc/arm-none-eabi/4.8/libgcc.a(_aeabi_ulcmp.o)
                0x0000000000200ae0                __aeabi_ulcmp
 *(.text.*)
 .text.unlikely
                0x0000000000200b04       0xa0 obj/bootrom.o
 *fill*         0x0000000000200ba4        0x4 
 .text.unlikely.__stub
                0x0000000000200ba8       0x14 linker stubs
 *(.eh_frame)
 *(.glue_7)
 .glue_7        0x0000000000200bc0        0x0 linker stubs
 *(.glue_7t)
 .glue_7t       0x0000000000200bc0        0x0 linker stubs
 *(.rodata)
 .rodata        0x0000000000200bc0       0x6f obj/usb_cdc.o
                0x0000000000200bc0                devDescriptor
                0x0000000000200bd2                cfgDescriptor
                0x0000000000200c15                strDescriptor
 *(.rodata.*)
 *(.data)
 *fill*         0x0000000000200c2f        0x1 
 .data          0x0000000000200c30       0x10 obj/usb_cdc.o
                0x0000000000200c30                pUdp
                0x0000000000200c34                line
                0x0000000000200c3c                btReceiveBank
 *(.data.*)
                0x0000000000200c40                . = ALIGN (0x4)
                0x0000000000100200                __bootphase2_src_start__ = LOADADDR (.bootphase2)
                0x0000000000200000                __bootphase2_start__ = ADDR (.bootphase2)
                0x0000000000200c40                __bootphase2_end__ = (__bootphase2_start__ + SIZEOF (.bootphase2))

.bss            0x0000000000200c40      0x1a0
                0x0000000000200c40                __bss_start__ = .
 *(.bss)
 .bss           0x0000000000200c40      0x194 obj/usb_cdc.o
                0x0000000000200c40                btConfiguration
                0x0000000000200c41                btConnection
                0x0000000000200c42                csrIdx
                0x0000000000200c44                csrTab
 *(.bss.*)
                0x0000000000200dd4                . = ALIGN (0x4)
                0x0000000000200dd4                __bss_end__ = .
 COMMON         0x0000000000200dd4        0xc obj/bootrom.o
                0x0000000000200dd4                start_addr
                0x0000000000200dd8                end_addr
                0x0000000000200ddc                bootrom_unlocked

.commonarea     0x000000000020ffe0        0xf
 *(.commonarea)
 .commonarea    0x000000000020ffe0        0xf obj/bootrom.o
                0x000000000020ffe0                common_area
LOAD obj/version.o
LOAD obj/ram-reset.o
LOAD obj/flash-reset.o
LOAD obj/cmd.o
LOAD obj/usb_cdc.o
LOAD obj/bootrom.o
LOAD /usr/lib/gcc/arm-none-eabi/4.8/libgcc.a
OUTPUT(obj/bootrom.elf elf32-littlearm)

.comment        0x0000000000000000       0x2d
 .comment       0x0000000000000000       0x2d obj/version.o
                                         0x2e (size before relaxing)
 .comment       0x000000000000002d       0x2e obj/cmd.o
 .comment       0x000000000000002d       0x2e obj/usb_cdc.o
 .comment       0x000000000000002d       0x2e obj/bootrom.o

.ARM.attributes
                0x0000000000000000       0x2e
 .ARM.attributes
                0x0000000000000000       0x30 obj/version.o
 .ARM.attributes
                0x0000000000000030       0x14 obj/ram-reset.o
 .ARM.attributes
                0x0000000000000044       0x16 obj/flash-reset.o
 .ARM.attributes
                0x000000000000005a       0x30 obj/cmd.o
 .ARM.attributes
                0x000000000000008a       0x30 obj/usb_cdc.o
 .ARM.attributes
                0x00000000000000ba       0x30 obj/bootrom.o
 .ARM.attributes
                0x00000000000000ea       0x16 /usr/lib/gcc/arm-none-eabi/4.8/libgcc.a(_thumb1_case_uqi.o)
 .ARM.attributes
                0x0000000000000100       0x18 /usr/lib/gcc/arm-none-eabi/4.8/libgcc.a(_aeabi_ulcmp.o)

.debug_line     0x0000000000000000       0xcd
 .debug_line    0x0000000000000000       0x69 /usr/lib/gcc/arm-none-eabi/4.8/libgcc.a(_thumb1_case_uqi.o)
 .debug_line    0x0000000000000069       0x64 /usr/lib/gcc/arm-none-eabi/4.8/libgcc.a(_aeabi_ulcmp.o)

.debug_info     0x0000000000000000      0x16e
 .debug_info    0x0000000000000000       0xb9 /usr/lib/gcc/arm-none-eabi/4.8/libgcc.a(_thumb1_case_uqi.o)
 .debug_info    0x00000000000000b9       0xb5 /usr/lib/gcc/arm-none-eabi/4.8/libgcc.a(_aeabi_ulcmp.o)

.debug_abbrev   0x0000000000000000       0x28
 .debug_abbrev  0x0000000000000000       0x14 /usr/lib/gcc/arm-none-eabi/4.8/libgcc.a(_thumb1_case_uqi.o)
 .debug_abbrev  0x0000000000000014       0x14 /usr/lib/gcc/arm-none-eabi/4.8/libgcc.a(_aeabi_ulcmp.o)

.debug_aranges  0x0000000000000000       0x40
 .debug_aranges
                0x0000000000000000       0x20 /usr/lib/gcc/arm-none-eabi/4.8/libgcc.a(_thumb1_case_uqi.o)
 .debug_aranges
                0x0000000000000020       0x20 /usr/lib/gcc/arm-none-eabi/4.8/libgcc.a(_aeabi_ulcmp.o)
